// Jest Snapshot v1, https://goo.gl/fbAQLP

exports[`renders learn react link: /#projects 1`] = `"/"`;
